apiVersion: rbac.istio.io/v1alpha1
kind: ClusterRbacConfig
metadata:
  name: default
  namespace: kubeflow
spec:
  mode: "ON"
